   Compiling unicode-ident v1.0.26
   Compiling proc-macro2 v1.0.107
   Compiling quote v1.0.47
   Compiling rustversion v1.0.23
   Compiling cfg-if v1.0.5
   Compiling serde_core v1.0.229
   Compiling wasm-bindgen-shared v0.2.129
   Compiling version_check v0.9.5
   Compiling crc32fast v1.5.2
   Compiling equivalent v1.0.2
   Compiling simdutf8 v0.1.5
   Compiling memchr v2.8.3
   Compiling hashbrown v0.17.1
   Compiling multiversion_no_op v1.0.0
   Compiling generic-array v0.14.7
   Compiling typenum v1.20.1
   Compiling scopeguard v1.2.0
   Compiling log v0.4.34
   Compiling bumpalo v3.20.3
   Compiling simd-adler32 v0.3.10
   Compiling serde v1.0.229
   Compiling libc v0.2.190
   Compiling zlib-rs v0.6.8
   Compiling zopfli v0.8.3
   Compiling encoding_rs v0.8.42
   Compiling thiserror v2.0.21
   Compiling typed-path v0.12.3
   Compiling syn v3.0.6
   Compiling block-buffer v0.10.4
   Compiling crypto-common v0.1.7
   Compiling wasm-bindgen v0.2.129
   Compiling serde_json v1.0.145
   Compiling digest v0.10.7
   Compiling syn v2.0.119
   Compiling cpufeatures v0.2.17
   Compiling indexmap v2.14.2
   Compiling quick-xml v0.41.0
   Compiling once_cell v1.21.4
   Compiling itoa v1.0.18
   Compiling base64 v0.22.1
   Compiling ryu v1.0.23
   Compiling sha2 v0.10.9
   Compiling ryu-js v1.0.3
   Compiling flate2 v1.1.10
   Compiling zip v8.6.0
   Compiling wasm-bindgen-macro-support v0.2.129
   Compiling hashify v0.2.9
   Compiling serde_derive v1.0.229
   Compiling thiserror-impl v2.0.21
   Compiling betteroffice-opc v0.3.0
   Compiling mail-parser v0.11.8
   Compiling wasm-bindgen-macro v0.2.129
   Compiling betteroffice-drawingml v0.3.0
   Compiling betteroffice-pptx-parse v0.3.0
   Compiling betteroffice-docx-parse v0.3.0
   Compiling brn-p1-office-mime v0.0.0 (/Users/evokessler/repos/brn-p1-office-mime/experiments/architecture-reassessment/p1-office-mime)
    Finished `release` profile [optimized] target(s) in 35.78s
