   Compiling proc-macro2 v1.0.107
   Compiling unicode-ident v1.0.26
   Compiling quote v1.0.47
   Compiling rustversion v1.0.23
   Compiling serde_core v1.0.229
   Compiling cfg-if v1.0.5
   Compiling wasm-bindgen-shared v0.2.129
   Compiling memchr v2.8.3
   Compiling version_check v0.9.5
   Compiling libc v0.2.190
   Compiling once_cell v1.21.4
   Compiling smallvec v1.16.2
   Compiling generic-array v0.14.7
   Compiling serde v1.0.229
   Compiling libm v0.2.16
   Compiling scopeguard v1.2.0
   Compiling typenum v1.20.1
   Compiling serde_json v1.0.145
   Compiling hashbrown v0.17.1
   Compiling equivalent v1.0.2
   Compiling crc32fast v1.5.2
   Compiling itoa v1.0.18
   Compiling bumpalo v3.20.3
   Compiling ryu v1.0.23
   Compiling encoding_rs v0.8.42
   Compiling wasm-bindgen v0.2.129
   Compiling thiserror v2.0.21
   Compiling simdutf8 v0.1.5
   Compiling syn v3.0.6
   Compiling parking_lot_core v0.9.12
   Compiling core_maths v0.1.1
   Compiling pin-project-lite v0.2.17
   Compiling crossbeam-utils v0.8.23
   Compiling zlib-rs v0.6.8
   Compiling multiversion_no_op v1.0.0
   Compiling parking v2.2.1
   Compiling block-buffer v0.10.4
   Compiling event-listener v5.4.2
   Compiling crypto-common v0.1.7
   Compiling ttf-parser v0.25.1
   Compiling unicode-ccc v0.4.0
   Compiling unicode-bidi-mirroring v0.4.0
   Compiling zmij v1.0.23
   Compiling indexmap v2.14.2
   Compiling log v0.4.34
   Compiling bitflags v2.13.2
   Compiling unicode-properties v0.1.4
   Compiling unicode-script v0.5.8
   Compiling typed-path v0.12.3
   Compiling event-listener-strategy v0.5.4
   Compiling quick-xml v0.41.0
   Compiling digest v0.10.7
   Compiling cpufeatures v0.2.17
   Compiling lock_api v0.4.14
   Compiling unicode-bidi v0.3.18
   Compiling unicode-linebreak v0.1.5
   Compiling hashbrown v0.14.5
   Compiling sha2 v0.10.9
   Compiling wasm-bindgen-macro-support v0.2.129
   Compiling flate2 v1.1.10
   Compiling dashmap v6.2.1
   Compiling async-lock v3.4.2
   Compiling zip v8.6.0
   Compiling bytemuck_derive v1.12.1
   Compiling serde_derive v1.0.229
   Compiling thiserror-impl v2.0.21
   Compiling async-trait v0.1.92
   Compiling arc-swap v1.9.2
   Compiling smallstr v0.3.1
   Compiling base64 v0.22.1
   Compiling bytemuck v1.25.2
   Compiling ryu-js v1.0.3
   Compiling fastrand v2.5.0
   Compiling unicode-segmentation v1.13.3
   Compiling betteroffice-ooxml-diff v0.3.0
   Compiling font-types v0.12.6
   Compiling rustybuzz v0.20.1
   Compiling read-fonts v0.41.0
   Compiling betteroffice-opc v0.3.0
   Compiling wasm-bindgen-macro v0.2.129
   Compiling betteroffice-drawingml v0.3.0
   Compiling yrs v0.27.4
   Compiling skrifa v0.44.0
   Compiling betteroffice-docx-parse v0.3.0
   Compiling betteroffice-ooxml-text v0.3.0
   Compiling betteroffice-docx-layout v0.3.0
   Compiling betteroffice-docx-edit v0.3.0
   Compiling brn-p2-api-check v0.0.0 (/Users/evokessler/repos/brn-p1-office-mime/experiments/architecture-reassessment/p2-api-check)
    Finished `release` profile [optimized] target(s) in 58.90s
       58.93 real       364.08 user         9.51 sys
time: sysctl kern.clockrate: Operation not permitted
